******************************************************************************
             TMS320C2000 Linker PC v18.12.2                    
******************************************************************************
>> Linked Sun Aug  4 23:18:13 2019

OUTPUT FILE NAME:   <Example_CPU1.out>
ENTRY POINT SYMBOL: "_c_int00"  address: 0000013c


MEMORY CONFIGURATION

         name            origin    length      used     unused   attr    fill
----------------------  --------  ---------  --------  --------  ----  --------
PAGE 0:
  BEGIN                 00000000   00000002  00000002  00000000  RWIX
  RAMM0                 00000122   000002de  00000177  00000167  RWIX
  RAMLS0                00008000   00000800  00000000  00000800  RWIX
  RAMLS1                00008800   00000800  00000000  00000800  RWIX
  RAMLS2                00009000   00000800  00000000  00000800  RWIX
  RAMLS3                00009800   00000800  00000000  00000800  RWIX
  RAMLS4                0000a000   00000800  00000000  00000800  RWIX
  RAMD0                 0000b000   00000800  00000000  00000800  RWIX
  RESET                 003fffc0   00000002  00000000  00000002  RWIX

PAGE 1:
  BOOT_RSVD             00000002   00000120  00000000  00000120  RWIX
  RAMM1                 00000400   00000400  00000200  00000200  RWIX
  ADCA_RESULT           00000b00   00000020  00000000  00000020  RWIX
  ADCB_RESULT           00000b20   00000020  00000000  00000020  RWIX
  ADCC_RESULT           00000b40   00000020  00000000  00000020  RWIX
  ADCD_RESULT           00000b60   00000020  00000000  00000020  RWIX
  CPU_TIMER0            00000c00   00000008  00000000  00000008  RWIX
  CPU_TIMER1            00000c08   00000008  00000000  00000008  RWIX
  CPU_TIMER2            00000c10   00000008  00000000  00000008  RWIX
  PIE_CTRL              00000ce0   00000020  00000000  00000020  RWIX
  PIE_VECT              00000d00   00000200  00000002  000001fe  RWIX
  DMA                   00001000   00000200  00000000  00000200  RWIX
  CLA1                  00001400   00000040  00000000  00000040  RWIX
  EPWM1                 00004000   00000100  00000100  00000000  RWIX
  EPWM2                 00004100   00000100  00000100  00000000  RWIX
  EPWM3                 00004200   00000100  00000100  00000000  RWIX
  EPWM4                 00004300   00000100  00000100  00000000  RWIX
  EPWM5                 00004400   00000100  00000100  00000000  RWIX
  EPWM6                 00004500   00000100  00000100  00000000  RWIX
  EPWM7                 00004600   00000100  00000100  00000000  RWIX
  EPWM8                 00004700   00000100  00000100  00000000  RWIX
  EPWM9                 00004800   00000100  00000100  00000000  RWIX
  EPWM10                00004900   00000100  00000100  00000000  RWIX
  EPWM11                00004a00   00000100  00000100  00000000  RWIX
  EPWM12                00004b00   00000100  00000100  00000000  RWIX
  ECAP1                 00005000   00000020  00000000  00000020  RWIX
  ECAP2                 00005020   00000020  00000000  00000020  RWIX
  ECAP3                 00005040   00000020  00000000  00000020  RWIX
  ECAP4                 00005060   00000020  00000000  00000020  RWIX
  ECAP5                 00005080   00000020  00000000  00000020  RWIX
  ECAP6                 000050a0   00000020  00000000  00000020  RWIX
  EQEP1                 00005100   00000040  00000000  00000040  RWIX
  EQEP2                 00005140   00000040  00000000  00000040  RWIX
  EQEP3                 00005180   00000040  00000000  00000040  RWIX
  DACA                  00005c00   00000010  00000000  00000010  RWIX
  DACB                  00005c10   00000010  00000000  00000010  RWIX
  DACC                  00005c20   00000010  00000000  00000010  RWIX
  CMPSS1                00005c80   00000020  00000000  00000020  RWIX
  CMPSS2                00005ca0   00000020  00000000  00000020  RWIX
  CMPSS3                00005cc0   00000020  00000000  00000020  RWIX
  CMPSS4                00005ce0   00000020  00000000  00000020  RWIX
  CMPSS5                00005d00   00000020  00000000  00000020  RWIX
  CMPSS6                00005d20   00000020  00000000  00000020  RWIX
  CMPSS7                00005d40   00000020  00000000  00000020  RWIX
  CMPSS8                00005d60   00000020  00000000  00000020  RWIX
  SDFM1                 00005e00   00000080  00000000  00000080  RWIX
  SDFM2                 00005e80   00000080  00000000  00000080  RWIX
  MCBSPA                00006000   00000040  00000000  00000040  RWIX
  MCBSPB                00006040   00000040  00000000  00000040  RWIX
  SPIA                  00006100   00000010  00000000  00000010  RWIX
  SPIB                  00006110   00000010  00000000  00000010  RWIX
  SPIC                  00006120   00000010  00000000  00000010  RWIX
  SPID                  00006130   00000010  00000000  00000010  RWIX
  UPP                   00006200   00000100  00000000  00000100  RWIX
  WD                    00007000   00000040  0000002b  00000015  RWIX
  NMIINTRUPT            00007060   00000010  00000000  00000010  RWIX
  XINT                  00007070   00000010  00000000  00000010  RWIX
  SCIA                  00007200   00000010  00000000  00000010  RWIX
  SCIB                  00007210   00000010  00000000  00000010  RWIX
  SCIC                  00007220   00000010  00000000  00000010  RWIX
  SCID                  00007230   00000010  00000000  00000010  RWIX
  I2CA                  00007300   00000040  00000000  00000040  RWIX
  I2CB                  00007340   00000040  00000000  00000040  RWIX
  ADCA                  00007400   00000080  00000000  00000080  RWIX
  ADCB                  00007480   00000080  00000000  00000080  RWIX
  ADCC                  00007500   00000080  00000000  00000080  RWIX
  ADCD                  00007580   00000080  00000000  00000080  RWIX
  INPUT_XBAR            00007900   00000020  00000000  00000020  RWIX
  XBAR                  00007920   00000020  00000000  00000020  RWIX
  SYNC_SOC              00007940   00000010  00000000  00000010  RWIX
  DMACLASRCSEL          00007980   00000040  0000001a  00000026  RWIX
  EPWM_XBAR             00007a00   00000040  00000000  00000040  RWIX
  CLB_XBAR              00007a40   00000040  00000000  00000040  RWIX
  OUTPUT_XBAR           00007a80   00000040  00000000  00000040  RWIX
  GPIOCTRL              00007c00   00000180  00000180  00000000  RWIX
  GPIODAT               00007f00   00000030  00000030  00000000  RWIX
  RAMLS5                0000a800   00000800  0000000a  000007f6  RWIX
  RAMD1                 0000b800   00000800  00000000  00000800  RWIX
  RAMGS0                0000c000   00001000  00000000  00001000  RWIX
  RAMGS1                0000d000   00001000  00000000  00001000  RWIX
  RAMGS2                0000e000   00001000  00000000  00001000  RWIX
  RAMGS3                0000f000   00001000  00000000  00001000  RWIX
  RAMGS4                00010000   00001000  00000000  00001000  RWIX
  RAMGS5                00011000   00001000  00000000  00001000  RWIX
  RAMGS6                00012000   00001000  00000000  00001000  RWIX
  RAMGS7                00013000   00001000  00000000  00001000  RWIX
  RAMGS8                00014000   00001000  00000000  00001000  RWIX
  RAMGS9                00015000   00001000  00000000  00001000  RWIX
  RAMGS10               00016000   00001000  00000000  00001000  RWIX
  RAMGS11               00017000   00001000  00000000  00001000  RWIX
  RAMGS12               00018000   00001000  00000000  00001000  RWIX
  RAMGS13               00019000   00001000  00000000  00001000  RWIX
  RAMGS14               0001a000   00001000  00000000  00001000  RWIX
  RAMGS15               0001b000   00001000  00000000  00001000  RWIX
  CPU2TOCPU1RAM         0003f800   00000400  00000000  00000400  RWIX
  CPU1TOCPU2RAM         0003fc00   00000400  00000000  00000400  RWIX
  EMIF1                 00047000   00000800  00000000  00000800  RWIX
  EMIF2                 00047800   00000800  00000000  00000800  RWIX
  CANA                  00048000   00000800  00000000  00000800  RWIX
  CANB                  0004a000   00000800  00000000  00000800  RWIX
  IPC                   00050000   00000024  00000000  00000024  RWIX
  FLASHPUMPSEMAPHORE    00050024   00000002  00000000  00000002  RWIX
  DEV_CFG               0005d000   00000180  0000012e  00000052  RWIX
  ANALOG_SUBSYS         0005d180   00000080  00000000  00000080  RWIX
  CLK_CFG               0005d200   00000100  00000032  000000ce  RWIX
  CPU_SYS               0005d300   00000100  00000082  0000007e  RWIX
  ROMPREFETCH           0005e608   00000002  00000000  00000002  RWIX
  DCSM_Z1               0005f000   00000030  00000000  00000030  RWIX
  DCSM_Z2               0005f040   00000030  00000000  00000030  RWIX
  DCSM_COMMON           0005f070   00000010  00000000  00000010  RWIX
  MEMCFG                0005f400   00000080  00000000  00000080  RWIX
  EMIF1CONFIG           0005f480   00000020  00000000  00000020  RWIX
  EMIF2CONFIG           0005f4a0   00000020  00000000  00000020  RWIX
  ACCESSPROTECTION      0005f4c0   00000040  00000000  00000040  RWIX
  MEMORYERROR           0005f500   00000040  00000000  00000040  RWIX
  ROMWAITSTATE          0005f540   00000002  00000000  00000002  RWIX
  FLASH0_CTRL           0005f800   00000300  00000000  00000300  RWIX
  FLASH0_ECC            0005fb00   00000040  00000000  00000040  RWIX
  DCSM_Z1_OTP           00078000   00000020  00000000  00000020  RWIX
  DCSM_Z2_OTP           00078200   00000020  00000000  00000020  RWIX


SECTION ALLOCATION MAP

 output                                  attributes/
section   page    origin      length       input sections
--------  ----  ----------  ----------   ----------------
codestart 
*          0    00000000    00000002     
                  00000000    00000002     CodeStartBranch.obj (codestart)

.cinit     0    00000122    0000001a     
                  00000122    0000000e     rts2800_fpu32.lib : exit.c.obj (.cinit)
                  00000130    00000005     <whole-program> (.cinit:__lock)
                  00000135    00000005     <whole-program> (.cinit:__unlock)
                  0000013a    00000002     --HOLE-- [fill = 0]

.pinit     0    00000122    00000000     UNINITIALIZED

.reset     0    003fffc0    00000002     DSECT
                  003fffc0    00000002     rts2800_fpu32.lib : boot28.asm.obj (.reset)

.stack     1    00000400    00000200     UNINITIALIZED
                  00000400    00000200     --HOLE--

.ebss      1    0000a800    0000000a     UNINITIALIZED
                  0000a800    00000006     rts2800_fpu32.lib : exit.c.obj (.ebss)
                  0000a806    00000002                       : _lock.c.obj (.ebss:__lock)
                  0000a808    00000002                       : _lock.c.obj (.ebss:__unlock)

GETBUFFER 
*          0    0003f800    00000000     DSECT

GETWRITEIDX 
*          0    0003f800    00000000     DSECT

PUTREADIDX 
*          0    0003f800    00000000     DSECT

PieVectTableFile 
*          1    00000d00    00000000     UNINITIALIZED

EmuBModeVar 
*          1    00000d00    00000001     UNINITIALIZED
                  00000d00    00000001     F2837xD_GlobalVariableDefs.obj (EmuBModeVar)

EmuBootPinsVar 
*          1    00000d01    00000001     UNINITIALIZED
                  00000d01    00000001     F2837xD_GlobalVariableDefs.obj (EmuBootPinsVar)

Cla1SoftIntRegsFile 
*          1    00000ce0    00000000     DSECT

DmaClaSrcSelRegsFile 
*          1    00007980    0000001a     UNINITIALIZED
                  00007980    0000001a     F2837xD_GlobalVariableDefs.obj (DmaClaSrcSelRegsFile)

EPwm1RegsFile 
*          1    00004000    00000100     UNINITIALIZED
                  00004000    00000100     F2837xD_GlobalVariableDefs.obj (EPwm1RegsFile)

EPwm2RegsFile 
*          1    00004100    00000100     UNINITIALIZED
                  00004100    00000100     F2837xD_GlobalVariableDefs.obj (EPwm2RegsFile)

EPwm3RegsFile 
*          1    00004200    00000100     UNINITIALIZED
                  00004200    00000100     F2837xD_GlobalVariableDefs.obj (EPwm3RegsFile)

EPwm4RegsFile 
*          1    00004300    00000100     UNINITIALIZED
                  00004300    00000100     F2837xD_GlobalVariableDefs.obj (EPwm4RegsFile)

EPwm5RegsFile 
*          1    00004400    00000100     UNINITIALIZED
                  00004400    00000100     F2837xD_GlobalVariableDefs.obj (EPwm5RegsFile)

EPwm6RegsFile 
*          1    00004500    00000100     UNINITIALIZED
                  00004500    00000100     F2837xD_GlobalVariableDefs.obj (EPwm6RegsFile)

EPwm7RegsFile 
*          1    00004600    00000100     UNINITIALIZED
                  00004600    00000100     F2837xD_GlobalVariableDefs.obj (EPwm7RegsFile)

EPwm8RegsFile 
*          1    00004700    00000100     UNINITIALIZED
                  00004700    00000100     F2837xD_GlobalVariableDefs.obj (EPwm8RegsFile)

EPwm9RegsFile 
*          1    00004800    00000100     UNINITIALIZED
                  00004800    00000100     F2837xD_GlobalVariableDefs.obj (EPwm9RegsFile)

EPwm10RegsFile 
*          1    00004900    00000100     UNINITIALIZED
                  00004900    00000100     F2837xD_GlobalVariableDefs.obj (EPwm10RegsFile)

EPwm11RegsFile 
*          1    00004a00    00000100     UNINITIALIZED
                  00004a00    00000100     F2837xD_GlobalVariableDefs.obj (EPwm11RegsFile)

EPwm12RegsFile 
*          1    00004b00    00000100     UNINITIALIZED
                  00004b00    00000100     F2837xD_GlobalVariableDefs.obj (EPwm12RegsFile)

GpioCtrlRegsFile 
*          1    00007c00    00000180     UNINITIALIZED
                  00007c00    00000180     F2837xD_GlobalVariableDefs.obj (GpioCtrlRegsFile)

GpioDataRegsFile 
*          1    00007f00    00000030     UNINITIALIZED
                  00007f00    00000030     F2837xD_GlobalVariableDefs.obj (GpioDataRegsFile)

DevCfgRegsFile 
*          1    0005d000    0000012e     UNINITIALIZED
                  0005d000    0000012e     F2837xD_GlobalVariableDefs.obj (DevCfgRegsFile)

ClkCfgRegsFile 
*          1    0005d200    00000032     UNINITIALIZED
                  0005d200    00000032     F2837xD_GlobalVariableDefs.obj (ClkCfgRegsFile)

CpuSysRegsFile 
*          1    0005d300    00000082     UNINITIALIZED
                  0005d300    00000082     F2837xD_GlobalVariableDefs.obj (CpuSysRegsFile)

WdRegsFile 
*          1    00007000    0000002b     UNINITIALIZED
                  00007000    0000002b     F2837xD_GlobalVariableDefs.obj (WdRegsFile)

.text      0    0000013c    0000015d     
                  0000013c    00000056     rts2800_fpu32.lib : boot28.asm.obj (.text)
                  00000192    00000055     epwm.obj (.text)
                  000001e7    00000029     rts2800_fpu32.lib : exit.c.obj (.text)
                  00000210    00000024                       : cpy_tbl.c.obj (.text)
                  00000234    0000001d     sys_configuration.obj (.text)
                  00000251    0000001c     rts2800_fpu32.lib : memcpy.c.obj (.text)
                  0000026d    00000019                       : args_main.c.obj (.text)
                  00000286    00000008     main.obj (.text)
                  0000028e    00000007     CodeStartBranch.obj (.text)
                  00000295    00000002     rts2800_fpu32.lib : pre_init.c.obj (.text)
                  00000297    00000001                       : _lock.c.obj (.text)
                  00000298    00000001                       : startup.c.obj (.text)

MODULE SUMMARY

       Module                                   code   initialized data   uninitialized data
       ------                                   ----   ----------------   ------------------
    .\
       CodeStartBranch.obj                      9      0                  0                 
    +--+----------------------------------------+------+------------------+--------------------+
       Total:                                   9      0                  0                 
                                                                                            
    .\src\
       F2837xD_GlobalVariableDefs.obj           0      0                  4057              
       epwm.obj                                 85     0                  0                 
       sys_configuration.obj                    29     0                  0                 
       main.obj                                 8      0                  0                 
    +--+----------------------------------------+------+------------------+--------------------+
       Total:                                   122    0                  4057              
                                                                                            
    C:\Users\Sherlock\AppData\Local\Temp\
       {BB36ACDD-951D-4106-A30B-0825B0BD4AB7}   0      10                 0                 
    +--+----------------------------------------+------+------------------+--------------------+
       Total:                                   0      10                 0                 
                                                                                            
    C:\ti\ccs910\ccs\tools\compiler\ti-cgt-c2000_18.12.2.LTS\lib\rts2800_fpu32.lib
       boot28.asm.obj                           86     0                  0                 
       exit.c.obj                               41     14                 6                 
       cpy_tbl.c.obj                            36     0                  0                 
       memcpy.c.obj                             28     0                  0                 
       args_main.c.obj                          25     0                  0                 
       _lock.c.obj                              1      0                  4                 
       pre_init.c.obj                           2      0                  0                 
       startup.c.obj                            1      0                  0                 
    +--+----------------------------------------+------+------------------+--------------------+
       Total:                                   220    14                 10                
                                                                                            
       Stack:                                   0      0                  512               
    +--+----------------------------------------+------+------------------+--------------------+
       Grand Total:                             351    24                 4579              


GLOBAL DATA SYMBOLS: SORTED BY DATA PAGE

address     data page           name
--------    ----------------    ----
00000400      10 (00000400)     __stack

00000d00      34 (00000d00)     _EmuBMode
00000d01      34 (00000d00)     _EmuBootPins

00004000     100 (00004000)     _EPwm1Regs

00004100     104 (00004100)     _EPwm2Regs

00004200     108 (00004200)     _EPwm3Regs

00004300     10c (00004300)     _EPwm4Regs

00004400     110 (00004400)     _EPwm5Regs

00004500     114 (00004500)     _EPwm6Regs

00004600     118 (00004600)     _EPwm7Regs

00004700     11c (00004700)     _EPwm8Regs

00004800     120 (00004800)     _EPwm9Regs

00004900     124 (00004900)     _EPwm10Regs

00004a00     128 (00004a00)     _EPwm11Regs

00004b00     12c (00004b00)     _EPwm12Regs

00007000     1c0 (00007000)     _WdRegs

00007980     1e6 (00007980)     _DmaClaSrcSelRegs

00007c00     1f0 (00007c00)     _GpioCtrlRegs

00007f00     1fc (00007f00)     _GpioDataRegs

0000a800     2a0 (0000a800)     ___TI_enable_exit_profile_output
0000a802     2a0 (0000a800)     ___TI_cleanup_ptr
0000a804     2a0 (0000a800)     ___TI_dtors_ptr
0000a806     2a0 (0000a800)     __lock
0000a808     2a0 (0000a800)     __unlock

0005d000    1740 (0005d000)     _DevCfgRegs

0005d200    1748 (0005d200)     _ClkCfgRegs

0005d300    174c (0005d300)     _CpuSysRegs


GLOBAL SYMBOLS: SORTED ALPHABETICALLY BY Name 

page  address   name                            
----  -------   ----                            
abs   ffffffff  .text                           
0     000001e7  C$$EXIT                         
1     0005d200  _ClkCfgRegs                     
1     0005d300  _CpuSysRegs                     
1     0005d000  _DevCfgRegs                     
1     00007980  _DmaClaSrcSelRegs               
0     00000192  _EPWM1A_setPeriodAndDuty        
1     00004900  _EPwm10Regs                     
1     00004a00  _EPwm11Regs                     
1     00004b00  _EPwm12Regs                     
1     00004000  _EPwm1Regs                      
1     00004100  _EPwm2Regs                      
1     00004200  _EPwm3Regs                      
1     00004300  _EPwm4Regs                      
1     00004400  _EPwm5Regs                      
1     00004500  _EPwm6Regs                      
1     00004600  _EPwm7Regs                      
1     00004700  _EPwm8Regs                      
1     00004800  _EPwm9Regs                      
1     00000d00  _EmuBMode                       
1     00000d01  _EmuBootPins                    
1     00007c00  _GpioCtrlRegs                   
1     00007f00  _GpioDataRegs                   
1     00007000  _WdRegs                         
1     00000600  __STACK_END                     
abs   00000200  __STACK_SIZE                    
1     0000a802  ___TI_cleanup_ptr               
1     0000a804  ___TI_dtors_ptr                 
1     0000a800  ___TI_enable_exit_profile_output
abs   ffffffff  ___TI_pprof_out_hndl            
abs   ffffffff  ___TI_prof_data_size            
abs   ffffffff  ___TI_prof_data_start           
abs   ffffffff  ___binit__                      
abs   ffffffff  ___c_args__                     
0     00000122  ___cinit__                      
abs   ffffffff  ___etext__                      
abs   ffffffff  ___pinit__                      
abs   ffffffff  ___text__                       
0     0000026d  __args_main                     
1     0000a806  __lock                          
0     00000297  __nop                           
1     00000400  __stack                         
0     00000298  __system_post_cinit             
0     00000295  __system_pre_init               
1     0000a808  __unlock                        
0     000001e7  _abort                          
0     0000013c  _c_int00                        
0     00000234  _clkInitialize                  
0     00000210  _copy_in                        
0     000001e9  _exit                           
0     00000286  _main                           
0     00000251  _memcpy                         
abs   ffffffff  binit                           
0     00000122  cinit                           
0     00000000  code_start                      
abs   ffffffff  etext                           
abs   ffffffff  pinit                           


GLOBAL SYMBOLS: SORTED BY Symbol Address 

page  address   name                            
----  -------   ----                            
0     00000000  code_start                      
0     00000122  ___cinit__                      
0     00000122  cinit                           
0     0000013c  _c_int00                        
0     00000192  _EPWM1A_setPeriodAndDuty        
0     000001e7  C$$EXIT                         
0     000001e7  _abort                          
0     000001e9  _exit                           
0     00000210  _copy_in                        
0     00000234  _clkInitialize                  
0     00000251  _memcpy                         
0     0000026d  __args_main                     
0     00000286  _main                           
0     00000295  __system_pre_init               
0     00000297  __nop                           
0     00000298  __system_post_cinit             
1     00000400  __stack                         
1     00000600  __STACK_END                     
1     00000d00  _EmuBMode                       
1     00000d01  _EmuBootPins                    
1     00004000  _EPwm1Regs                      
1     00004100  _EPwm2Regs                      
1     00004200  _EPwm3Regs                      
1     00004300  _EPwm4Regs                      
1     00004400  _EPwm5Regs                      
1     00004500  _EPwm6Regs                      
1     00004600  _EPwm7Regs                      
1     00004700  _EPwm8Regs                      
1     00004800  _EPwm9Regs                      
1     00004900  _EPwm10Regs                     
1     00004a00  _EPwm11Regs                     
1     00004b00  _EPwm12Regs                     
1     00007000  _WdRegs                         
1     00007980  _DmaClaSrcSelRegs               
1     00007c00  _GpioCtrlRegs                   
1     00007f00  _GpioDataRegs                   
1     0000a800  ___TI_enable_exit_profile_output
1     0000a802  ___TI_cleanup_ptr               
1     0000a804  ___TI_dtors_ptr                 
1     0000a806  __lock                          
1     0000a808  __unlock                        
1     0005d000  _DevCfgRegs                     
1     0005d200  _ClkCfgRegs                     
1     0005d300  _CpuSysRegs                     
abs   00000200  __STACK_SIZE                    
abs   ffffffff  .text                           
abs   ffffffff  ___TI_pprof_out_hndl            
abs   ffffffff  ___TI_prof_data_size            
abs   ffffffff  ___TI_prof_data_start           
abs   ffffffff  ___binit__                      
abs   ffffffff  ___c_args__                     
abs   ffffffff  ___etext__                      
abs   ffffffff  ___pinit__                      
abs   ffffffff  ___text__                       
abs   ffffffff  binit                           
abs   ffffffff  etext                           
abs   ffffffff  pinit                           

[57 symbols]
